// Jest Snapshot v1, https://goo.gl/fbAQLP

exports[`Matches Snapshot 1`] = `
<div
  className="button-style"
  data-testid="button"
>
  Hi 
  Snapshot Check
</div>
`;
